  lab09a.cpp
D:\Универ\ОС Бернацкий\Готовые лабораторные\lab09\myfiles\lab09a\lab09a.cpp(1,9): warning C4005: UNICODE: изменение макроопределения
      D:\Универ\ОС Бернацкий\Готовые лабораторные\lab09\myfiles\lab09a\lab09a.cpp(1,9):
      "UNICODE" ранее объявлен в командной строке
  
D:\Универ\ОС Бернацкий\Готовые лабораторные\lab09\myfiles\lab09a\lab09a.cpp(2,9): warning C4005: _UNICODE: изменение макроопределения
      D:\Универ\ОС Бернацкий\Готовые лабораторные\lab09\myfiles\lab09a\lab09a.cpp(2,9):
      "_UNICODE" ранее объявлен в командной строке
  
D:\Универ\ОС Бернацкий\Готовые лабораторные\lab09\myfiles\lab09a\lab09a.cpp(14,62): warning C4267: аргумент: преобразование из "size_t" в "DWORD"; возможна потеря данных
D:\Универ\ОС Бернацкий\Готовые лабораторные\lab09\myfiles\lab09a\lab09a.cpp(24,65): warning C4267: аргумент: преобразование из "size_t" в "DWORD"; возможна потеря данных
D:\Универ\ОС Бернацкий\Готовые лабораторные\lab09\myfiles\lab09a\lab09a.cpp(30,63): warning C4267: аргумент: преобразование из "size_t" в "DWORD"; возможна потеря данных
D:\Универ\ОС Бернацкий\Готовые лабораторные\lab09\myfiles\lab09a\lab09a.cpp(60,19): warning C4267: аргумент: преобразование из "size_t" в "DWORD"; возможна потеря данных
D:\Универ\ОС Бернацкий\Готовые лабораторные\lab09\myfiles\lab09a\lab09a.cpp(64,19): warning C4267: аргумент: преобразование из "size_t" в "DWORD"; возможна потеря данных
D:\Универ\ОС Бернацкий\Готовые лабораторные\lab09\myfiles\lab09a\lab09a.cpp(68,19): warning C4267: аргумент: преобразование из "size_t" в "DWORD"; возможна потеря данных
D:\Универ\ОС Бернацкий\Готовые лабораторные\lab09\myfiles\lab09a\lab09a.cpp(82,82): warning C4267: аргумент: преобразование из "size_t" в "DWORD"; возможна потеря данных
D:\Универ\ОС Бернацкий\Готовые лабораторные\lab09\myfiles\lab09a\lab09a.cpp(83,68): warning C4267: аргумент: преобразование из "size_t" в "DWORD"; возможна потеря данных
D:\Универ\ОС Бернацкий\Готовые лабораторные\lab09\myfiles\lab09a\lab09a.cpp(92,63): warning C4267: аргумент: преобразование из "size_t" в "DWORD"; возможна потеря данных
D:\Универ\ОС Бернацкий\Готовые лабораторные\lab09\myfiles\lab09a\lab09a.cpp(104,19): warning C4267: аргумент: преобразование из "size_t" в "DWORD"; возможна потеря данных
D:\Универ\ОС Бернацкий\Готовые лабораторные\lab09\myfiles\lab09a\lab09a.cpp(109,19): warning C4267: аргумент: преобразование из "size_t" в "DWORD"; возможна потеря данных
D:\Универ\ОС Бернацкий\Готовые лабораторные\lab09\myfiles\lab09a\lab09a.cpp(131,19): warning C4267: аргумент: преобразование из "size_t" в "DWORD"; возможна потеря данных
D:\Универ\ОС Бернацкий\Готовые лабораторные\lab09\myfiles\lab09a\lab09a.cpp(159,19): warning C4267: аргумент: преобразование из "size_t" в "DWORD"; возможна потеря данных
D:\Универ\ОС Бернацкий\Готовые лабораторные\lab09\myfiles\lab09a\lab09a.cpp(168,15): warning C4267: аргумент: преобразование из "size_t" в "DWORD"; возможна потеря данных
  lab09a.vcxproj -> D:\Универ\ОС Бернацкий\Готовые лабораторные\lab09\myfiles\x64\Debug\lab09a.exe
