c:\users\andre\onedrive\рабочий стол\5semestr\sp\laba2\lab4\os11_htapi\x64\debug\os11_htapi.pch
c:\users\andre\onedrive\рабочий стол\5semestr\sp\laba2\lab4\os11_htapi\x64\debug\vc143.pdb
c:\users\andre\onedrive\рабочий стол\5semestr\sp\laba2\lab4\os11_htapi\x64\debug\vc143.idb
c:\users\andre\onedrive\рабочий стол\5semestr\sp\laba2\lab4\os11_htapi\x64\debug\pch.obj
c:\users\andre\onedrive\рабочий стол\5semestr\sp\laba2\lab4\os11_htapi\x64\debug\ht.obj
c:\users\andre\onedrive\рабочий стол\5semestr\sp\laba2\lab4\os11_htapi\x64\debug\element.obj
c:\users\andre\onedrive\рабочий стол\5semestr\sp\laba2\lab4\os11_htapi\x64\debug\dllmain.obj
d:\универ\сп смелов\готовые лабораторные\lab2\lab4\os11_htapi\x64\debug\os11_htapi.pch
d:\универ\сп смелов\готовые лабораторные\lab2\lab4\os11_htapi\x64\debug\vc143.pdb
d:\универ\сп смелов\готовые лабораторные\lab2\lab4\os11_htapi\x64\debug\vc143.idb
d:\универ\сп смелов\готовые лабораторные\lab2\lab4\os11_htapi\x64\debug\pch.obj
d:\универ\сп смелов\готовые лабораторные\lab2\lab4\os11_htapi\x64\debug\ht.obj
d:\универ\сп смелов\готовые лабораторные\lab2\lab4\os11_htapi\x64\debug\element.obj
d:\универ\сп смелов\готовые лабораторные\lab2\lab4\os11_htapi\x64\debug\dllmain.obj
c:\users\andre\onedrive\рабочий стол\5semestr\sp\laba2\lab4\x64\debug\os11_htapi.dll
c:\users\andre\onedrive\рабочий стол\5semestr\sp\laba2\lab4\x64\debug\os11_htapi.pdb
c:\users\andre\onedrive\рабочий стол\5semestr\sp\laba2\lab4\x64\debug\os11_htapi.lib
c:\users\andre\onedrive\рабочий стол\5semestr\sp\laba2\lab4\x64\debug\os11_htapi.exp
c:\users\andre\onedrive\рабочий стол\5semestr\sp\laba2\lab4\os11_htapi\x64\debug\os11_htapi.ilk
d:\универ\сп смелов\готовые лабораторные\lab2\lab4\os11_htapi\x64\debug\os11_htapi.ilk
d:\универ\сп смелов\готовые лабораторные\lab2\lab4\x64\debug\os11_htapi.pdb
d:\универ\сп смелов\готовые лабораторные\lab2\lab4\x64\debug\os11_htapi.dll
d:\универ\сп смелов\готовые лабораторные\lab2\lab4\os11_htapi\x64\debug\os11_htapi.tlog\cl.command.1.tlog
d:\универ\сп смелов\готовые лабораторные\lab2\lab4\os11_htapi\x64\debug\os11_htapi.tlog\cl.items.tlog
d:\универ\сп смелов\готовые лабораторные\lab2\lab4\os11_htapi\x64\debug\os11_htapi.tlog\cl.read.1.tlog
d:\универ\сп смелов\готовые лабораторные\lab2\lab4\os11_htapi\x64\debug\os11_htapi.tlog\cl.write.1.tlog
d:\универ\сп смелов\готовые лабораторные\lab2\lab4\os11_htapi\x64\debug\os11_htapi.tlog\link.command.1.tlog
d:\универ\сп смелов\готовые лабораторные\lab2\lab4\os11_htapi\x64\debug\os11_htapi.tlog\link.read.1.tlog
d:\универ\сп смелов\готовые лабораторные\lab2\lab4\os11_htapi\x64\debug\os11_htapi.tlog\link.read.2.tlog
d:\универ\сп смелов\готовые лабораторные\lab2\lab4\os11_htapi\x64\debug\os11_htapi.tlog\link.secondary.1.tlog
d:\универ\сп смелов\готовые лабораторные\lab2\lab4\os11_htapi\x64\debug\os11_htapi.tlog\link.write.1.tlog
