c:\users\andre\onedrive\рабочий стол\5semestr\sp\laba3\lab2\lab2\sp02_com\x64\debug\sp02_com.pch
c:\users\andre\onedrive\рабочий стол\5semestr\sp\laba3\lab2\lab2\sp02_com\x64\debug\vc143.pdb
c:\users\andre\onedrive\рабочий стол\5semestr\sp\laba3\lab2\lab2\sp02_com\x64\debug\vc143.idb
c:\users\andre\onedrive\рабочий стол\5semestr\sp\laba3\lab2\lab2\sp02_com\x64\debug\pch.obj
c:\users\andre\onedrive\рабочий стол\5semestr\sp\laba3\lab2\lab2\sp02_com\x64\debug\sp02.obj
c:\users\andre\onedrive\рабочий стол\5semestr\sp\laba3\lab2\lab2\sp02_com\x64\debug\registry.obj
c:\users\andre\onedrive\рабочий стол\5semestr\sp\laba3\lab2\lab2\sp02_com\x64\debug\mathfactory.obj
c:\users\andre\onedrive\рабочий стол\5semestr\sp\laba3\lab2\lab2\sp02_com\x64\debug\dllmain.obj
c:\users\andre\onedrive\рабочий стол\5semestr\sp\laba3\lab2\lab2\x64\debug\sp02_com.dll
c:\users\andre\onedrive\рабочий стол\5semestr\sp\laba3\lab2\lab2\x64\debug\sp02_com.pdb
c:\users\andre\onedrive\рабочий стол\5semestr\sp\laba3\lab2\lab2\x64\debug\sp02_com.lib
c:\users\andre\onedrive\рабочий стол\5semestr\sp\laba3\lab2\lab2\x64\debug\sp02_com.exp
c:\users\andre\onedrive\рабочий стол\5semestr\sp\laba3\lab2\lab2\sp02_com\x64\debug\sp02_com.ilk
c:\users\andre\onedrive\рабочий стол\5semestr\sp\laba3\lab2\lab2\sp02_com\x64\debug\sp02_com.tlog\cl.command.1.tlog
c:\users\andre\onedrive\рабочий стол\5semestr\sp\laba3\lab2\lab2\sp02_com\x64\debug\sp02_com.tlog\cl.items.tlog
c:\users\andre\onedrive\рабочий стол\5semestr\sp\laba3\lab2\lab2\sp02_com\x64\debug\sp02_com.tlog\cl.read.1.tlog
c:\users\andre\onedrive\рабочий стол\5semestr\sp\laba3\lab2\lab2\sp02_com\x64\debug\sp02_com.tlog\cl.write.1.tlog
c:\users\andre\onedrive\рабочий стол\5semestr\sp\laba3\lab2\lab2\sp02_com\x64\debug\sp02_com.tlog\link.command.1.tlog
c:\users\andre\onedrive\рабочий стол\5semestr\sp\laba3\lab2\lab2\sp02_com\x64\debug\sp02_com.tlog\link.read.1.tlog
c:\users\andre\onedrive\рабочий стол\5semestr\sp\laba3\lab2\lab2\sp02_com\x64\debug\sp02_com.tlog\link.secondary.1.tlog
c:\users\andre\onedrive\рабочий стол\5semestr\sp\laba3\lab2\lab2\sp02_com\x64\debug\sp02_com.tlog\link.write.1.tlog
