d:\yes\уник\3 курс\5 семестр\сп\лабы\os_lab11\os11_htapi\x64\debug\os11_htapi.pch
d:\yes\уник\3 курс\5 семестр\сп\лабы\os_lab11\os11_htapi\x64\debug\vc143.pdb
d:\yes\уник\3 курс\5 семестр\сп\лабы\os_lab11\os11_htapi\x64\debug\vc143.idb
d:\yes\уник\3 курс\5 семестр\сп\лабы\os_lab11\os11_htapi\x64\debug\pch.obj
d:\yes\уник\3 курс\5 семестр\сп\лабы\os_lab11\os11_htapi\x64\debug\ht.obj
d:\yes\уник\3 курс\5 семестр\сп\лабы\os_lab11\os11_htapi\x64\debug\element.obj
d:\yes\уник\3 курс\5 семестр\сп\лабы\os_lab11\os11_htapi\x64\debug\dllmain.obj
d:\yes\уник\3 курс\5 семестр\сп\лабы\os_lab11\x64\debug\os11_htapi.dll
d:\yes\уник\3 курс\5 семестр\сп\лабы\os_lab11\x64\debug\os11_htapi.pdb
d:\yes\уник\3 курс\5 семестр\сп\лабы\os_lab11\x64\debug\os11_htapi.lib
d:\yes\уник\3 курс\5 семестр\сп\лабы\os_lab11\x64\debug\os11_htapi.exp
d:\yes\уник\3 курс\5 семестр\сп\лабы\os_lab11\os11_htapi\x64\debug\os11_htapi.ilk
d:\yes\уник\3 курс\5 семестр\сп\лабы\os_lab11\os11_htapi\x64\debug\os11_htapi.tlog\cl.command.1.tlog
d:\yes\уник\3 курс\5 семестр\сп\лабы\os_lab11\os11_htapi\x64\debug\os11_htapi.tlog\cl.items.tlog
d:\yes\уник\3 курс\5 семестр\сп\лабы\os_lab11\os11_htapi\x64\debug\os11_htapi.tlog\cl.read.1.tlog
d:\yes\уник\3 курс\5 семестр\сп\лабы\os_lab11\os11_htapi\x64\debug\os11_htapi.tlog\cl.write.1.tlog
d:\yes\уник\3 курс\5 семестр\сп\лабы\os_lab11\os11_htapi\x64\debug\os11_htapi.tlog\link.command.1.tlog
d:\yes\уник\3 курс\5 семестр\сп\лабы\os_lab11\os11_htapi\x64\debug\os11_htapi.tlog\link.read.1.tlog
d:\yes\уник\3 курс\5 семестр\сп\лабы\os_lab11\os11_htapi\x64\debug\os11_htapi.tlog\link.secondary.1.tlog
d:\yes\уник\3 курс\5 семестр\сп\лабы\os_lab11\os11_htapi\x64\debug\os11_htapi.tlog\link.write.1.tlog
