d:\5сем\сп\4 лаба\os_lab13\lab4-ht-com-dll\os13_start\x64\debug\vc143.pdb
d:\5сем\сп\4 лаба\os_lab13\lab4-ht-com-dll\os13_start\x64\debug\vc143.idb
d:\5сем\сп\4 лаба\os_lab13\lab4-ht-com-dll\os13_start\x64\debug\main.obj
d:\5сем\сп\4 лаба\os_lab13\lab4-ht-com-dll\x64\debug\os13_start.exe
d:\5сем\сп\4 лаба\os_lab13\lab4-ht-com-dll\x64\debug\os13_start.pdb
d:\5сем\сп\4 лаба\os_lab13\lab4-ht-com-dll\os13_start\x64\debug\os13_start.ilk
d:\бгту\v сем\сп\os_lab13\os_lab13\lab4-ht-com-dll\os13_start\x64\debug\main.obj
d:\бгту\v сем\сп\os_lab13\os_lab13\lab4-ht-com-dll\os13_start\x64\debug\os13_start.ilk
d:\бгту\v сем\сп\os_lab13\os_lab13\lab4-ht-com-dll\os13_start\x64\debug\vc143.idb
d:\бгту\v сем\сп\os_lab13\os_lab13\lab4-ht-com-dll\os13_start\x64\debug\vc143.pdb
d:\бгту\v сем\сп\os_lab13\os_lab13\lab4-ht-com-dll\x64\debug\os13_start.pdb
d:\бгту\v сем\сп\os_lab13\os_lab13\lab4-ht-com-dll\x64\debug\os13_start.exe
d:\бгту\v сем\сп\os_lab13\os_lab13\lab4-ht-com-dll\os13_start\x64\debug\os13_start.tlog\cl.command.1.tlog
d:\бгту\v сем\сп\os_lab13\os_lab13\lab4-ht-com-dll\os13_start\x64\debug\os13_start.tlog\cl.items.tlog
d:\бгту\v сем\сп\os_lab13\os_lab13\lab4-ht-com-dll\os13_start\x64\debug\os13_start.tlog\cl.read.1.tlog
d:\бгту\v сем\сп\os_lab13\os_lab13\lab4-ht-com-dll\os13_start\x64\debug\os13_start.tlog\cl.write.1.tlog
d:\бгту\v сем\сп\os_lab13\os_lab13\lab4-ht-com-dll\os13_start\x64\debug\os13_start.tlog\link.command.1.tlog
d:\бгту\v сем\сп\os_lab13\os_lab13\lab4-ht-com-dll\os13_start\x64\debug\os13_start.tlog\link.read.1.tlog
d:\бгту\v сем\сп\os_lab13\os_lab13\lab4-ht-com-dll\os13_start\x64\debug\os13_start.tlog\link.secondary.1.tlog
d:\бгту\v сем\сп\os_lab13\os_lab13\lab4-ht-com-dll\os13_start\x64\debug\os13_start.tlog\link.write.1.tlog
