d:\5сем\сп\4 лаба\os_lab13\lab4-ht-com-dll\os_0404\x64\debug\vc143.pdb
d:\5сем\сп\4 лаба\os_lab13\lab4-ht-com-dll\os_0404\x64\debug\vc143.idb
d:\5сем\сп\4 лаба\os_lab13\lab4-ht-com-dll\os_0404\x64\debug\main.obj
d:\5сем\сп\4 лаба\os_lab13\lab4-ht-com-dll\x64\debug\os_0404.exe
d:\5сем\сп\4 лаба\os_lab13\lab4-ht-com-dll\x64\debug\os_0404.pdb
d:\5сем\сп\4 лаба\os_lab13\lab4-ht-com-dll\os_0404\x64\debug\os_0404.ilk
d:\бгту\v сем\сп\os_lab13\os_lab13\lab4-ht-com-dll\os_0404\x64\debug\main.obj
d:\бгту\v сем\сп\os_lab13\os_lab13\lab4-ht-com-dll\os_0404\x64\debug\os_0404.ilk
d:\бгту\v сем\сп\os_lab13\os_lab13\lab4-ht-com-dll\os_0404\x64\debug\vc143.idb
d:\бгту\v сем\сп\os_lab13\os_lab13\lab4-ht-com-dll\os_0404\x64\debug\vc143.pdb
d:\бгту\v сем\сп\os_lab13\os_lab13\lab4-ht-com-dll\x64\debug\os_0404.pdb
d:\бгту\v сем\сп\os_lab13\os_lab13\lab4-ht-com-dll\x64\debug\os_0404.exe
d:\бгту\v сем\сп\os_lab13\os_lab13\lab4-ht-com-dll\os_0404\x64\debug\os_0404.tlog\cl.command.1.tlog
d:\бгту\v сем\сп\os_lab13\os_lab13\lab4-ht-com-dll\os_0404\x64\debug\os_0404.tlog\cl.items.tlog
d:\бгту\v сем\сп\os_lab13\os_lab13\lab4-ht-com-dll\os_0404\x64\debug\os_0404.tlog\cl.read.1.tlog
d:\бгту\v сем\сп\os_lab13\os_lab13\lab4-ht-com-dll\os_0404\x64\debug\os_0404.tlog\cl.write.1.tlog
d:\бгту\v сем\сп\os_lab13\os_lab13\lab4-ht-com-dll\os_0404\x64\debug\os_0404.tlog\link.command.1.tlog
d:\бгту\v сем\сп\os_lab13\os_lab13\lab4-ht-com-dll\os_0404\x64\debug\os_0404.tlog\link.read.1.tlog
d:\бгту\v сем\сп\os_lab13\os_lab13\lab4-ht-com-dll\os_0404\x64\debug\os_0404.tlog\link.secondary.1.tlog
d:\бгту\v сем\сп\os_lab13\os_lab13\lab4-ht-com-dll\os_0404\x64\debug\os_0404.tlog\link.write.1.tlog
