e:\git\oslabs\lab12\os12_com_2\x64\debug\vc142.pdb
e:\git\oslabs\lab12\os12_com_2\x64\debug\vc142.idb
e:\git\oslabs\lab12\os12_com_2\x64\debug\main.obj
d:\бгту\v сем\сп\lab03\os12_com_2\x64\debug\vc143.pdb
d:\бгту\v сем\сп\lab03\os12_com_2\x64\debug\vc143.idb
d:\бгту\v сем\сп\lab03\os12_com_2\x64\debug\main.obj
e:\git\oslabs\lab12\os12_com_2\x64\debug\os12_com_2.ilk
e:\git\oslabs\lab12\x64\debug\os12_com_2.exe
e:\git\oslabs\lab12\x64\debug\os12_com_2.pdb
d:\бгту\v сем\сп\lab03\x64\debug\os12_com_2.exe
d:\бгту\v сем\сп\lab03\x64\debug\os12_com_2.pdb
d:\бгту\v сем\сп\lab03\os12_com_2\x64\debug\os12_com_2.ilk
d:\бгту\v сем\сп\lab03\os12_com_2\x64\debug\os12_com_2.tlog\cl.command.1.tlog
d:\бгту\v сем\сп\lab03\os12_com_2\x64\debug\os12_com_2.tlog\cl.items.tlog
d:\бгту\v сем\сп\lab03\os12_com_2\x64\debug\os12_com_2.tlog\cl.read.1.tlog
d:\бгту\v сем\сп\lab03\os12_com_2\x64\debug\os12_com_2.tlog\cl.write.1.tlog
d:\бгту\v сем\сп\lab03\os12_com_2\x64\debug\os12_com_2.tlog\link.command.1.tlog
d:\бгту\v сем\сп\lab03\os12_com_2\x64\debug\os12_com_2.tlog\link.read.1.tlog
d:\бгту\v сем\сп\lab03\os12_com_2\x64\debug\os12_com_2.tlog\link.secondary.1.tlog
d:\бгту\v сем\сп\lab03\os12_com_2\x64\debug\os12_com_2.tlog\link.write.1.tlog
