c:\labs\sp\os_labs_6sem-master\os_lab11\os11_htapi\x64\debug\os11_htapi.pch
c:\labs\sp\os_labs_6sem-master\os_lab11\os11_htapi\x64\debug\vc143.pdb
c:\labs\sp\os_labs_6sem-master\os_lab11\os11_htapi\x64\debug\vc143.idb
c:\labs\sp\os_labs_6sem-master\os_lab11\os11_htapi\x64\debug\pch.obj
c:\labs\sp\os_labs_6sem-master\os_lab11\os11_htapi\x64\debug\ht.obj
c:\labs\sp\os_labs_6sem-master\os_lab11\os11_htapi\x64\debug\element.obj
c:\labs\sp\os_labs_6sem-master\os_lab11\os11_htapi\x64\debug\dllmain.obj
c:\labs\sp\os_labs_6sem-master\os_lab11\x64\debug\os11_htapi.dll
c:\labs\sp\os_labs_6sem-master\os_lab11\x64\debug\os11_htapi.pdb
c:\labs\sp\os_labs_6sem-master\os_lab11\x64\debug\os11_htapi.lib
c:\labs\sp\os_labs_6sem-master\os_lab11\x64\debug\os11_htapi.exp
c:\labs\sp\os_labs_6sem-master\os_lab11\os11_htapi\x64\debug\os11_htapi.ilk
c:\labs\sp\os_labs_6sem-master\os_lab11\os11_htapi\x64\debug\os11_htapi.tlog\cl.command.1.tlog
c:\labs\sp\os_labs_6sem-master\os_lab11\os11_htapi\x64\debug\os11_htapi.tlog\cl.items.tlog
c:\labs\sp\os_labs_6sem-master\os_lab11\os11_htapi\x64\debug\os11_htapi.tlog\cl.read.1.tlog
c:\labs\sp\os_labs_6sem-master\os_lab11\os11_htapi\x64\debug\os11_htapi.tlog\cl.write.1.tlog
c:\labs\sp\os_labs_6sem-master\os_lab11\os11_htapi\x64\debug\os11_htapi.tlog\link.command.1.tlog
c:\labs\sp\os_labs_6sem-master\os_lab11\os11_htapi\x64\debug\os11_htapi.tlog\link.read.1.tlog
c:\labs\sp\os_labs_6sem-master\os_lab11\os11_htapi\x64\debug\os11_htapi.tlog\link.secondary.1.tlog
c:\labs\sp\os_labs_6sem-master\os_lab11\os11_htapi\x64\debug\os11_htapi.tlog\link.write.1.tlog
