c:\users\typper\downloads\lab8\lab8\win32project1\win32project1\x64\debug\win32project1.pch
c:\users\typper\downloads\lab8\lab8\win32project1\win32project1\x64\debug\vc143.pdb
c:\users\typper\downloads\lab8\lab8\win32project1\win32project1\x64\debug\vc143.idb
c:\users\typper\downloads\lab8\lab8\win32project1\win32project1\x64\debug\stdafx.obj
c:\users\typper\downloads\lab8\lab8\win32project1\win32project1\x64\debug\dllmain.obj
c:\users\typper\downloads\lab8\lab8\win32project1\win32project1\x64\debug\win32project1.obj
c:\users\typper\downloads\lab8\lab8\win32project1\win32project1\x64\debug\errorfunctions.obj
c:\users\typper\downloads\lab8\lab8\x64\debug\win32project1.dll
c:\users\typper\downloads\lab8\lab8\x64\debug\win32project1.pdb
c:\users\typper\downloads\lab8\lab8\x64\debug\win32project1.lib
c:\users\typper\downloads\lab8\lab8\x64\debug\win32project1.exp
c:\users\typper\downloads\lab8\lab8\win32project1\win32project1\x64\debug\win32project1.ilk
c:\users\typper\downloads\lab8\lab8\win32project1\win32project1\x64\debug\win32project1.tlog\cl.command.1.tlog
c:\users\typper\downloads\lab8\lab8\win32project1\win32project1\x64\debug\win32project1.tlog\cl.items.tlog
c:\users\typper\downloads\lab8\lab8\win32project1\win32project1\x64\debug\win32project1.tlog\cl.read.1.tlog
c:\users\typper\downloads\lab8\lab8\win32project1\win32project1\x64\debug\win32project1.tlog\cl.write.1.tlog
c:\users\typper\downloads\lab8\lab8\win32project1\win32project1\x64\debug\win32project1.tlog\link.command.1.tlog
c:\users\typper\downloads\lab8\lab8\win32project1\win32project1\x64\debug\win32project1.tlog\link.read.1.tlog
c:\users\typper\downloads\lab8\lab8\win32project1\win32project1\x64\debug\win32project1.tlog\link.secondary.1.tlog
c:\users\typper\downloads\lab8\lab8\win32project1\win32project1\x64\debug\win32project1.tlog\link.write.1.tlog
