c:\users\valda\source\repos\semester#6\оси\os_lab13\lab4-ht-com-dll\os13_create\x64\debug\vc143.pdb
c:\users\valda\source\repos\semester#6\оси\os_lab13\lab4-ht-com-dll\os13_create\x64\debug\vc143.idb
c:\users\valda\source\repos\semester#6\оси\os_lab13\lab4-ht-com-dll\os13_create\x64\debug\main.obj
d:\5сем\сп\4 лаба\os_lab13\lab4-ht-com-dll\os13_create\x64\debug\vc143.pdb
d:\5сем\сп\4 лаба\os_lab13\lab4-ht-com-dll\os13_create\x64\debug\vc143.idb
d:\5сем\сп\4 лаба\os_lab13\lab4-ht-com-dll\os13_create\x64\debug\main.obj
c:\users\valda\source\repos\semester#6\оси\os_lab13\lab4-ht-com-dll\x64\debug\os13_create.exe
c:\users\valda\source\repos\semester#6\оси\os_lab13\lab4-ht-com-dll\os13_create\x64\debug\os13_create.ilk
c:\users\valda\source\repos\semester#6\оси\os_lab13\lab4-ht-com-dll\x64\debug\os13_create.pdb
d:\5сем\сп\4 лаба\os_lab13\lab4-ht-com-dll\x64\debug\os13_create.exe
d:\5сем\сп\4 лаба\os_lab13\lab4-ht-com-dll\x64\debug\os13_create.pdb
d:\5сем\сп\4 лаба\os_lab13\lab4-ht-com-dll\os13_create\x64\debug\os13_create.ilk
d:\бгту\v сем\сп\os_lab13\os_lab13\lab4-ht-com-dll\os13_create\x64\debug\main.obj
d:\бгту\v сем\сп\os_lab13\os_lab13\lab4-ht-com-dll\os13_create\x64\debug\os13_create.ilk
d:\бгту\v сем\сп\os_lab13\os_lab13\lab4-ht-com-dll\os13_create\x64\debug\vc143.idb
d:\бгту\v сем\сп\os_lab13\os_lab13\lab4-ht-com-dll\os13_create\x64\debug\vc143.pdb
d:\бгту\v сем\сп\os_lab13\os_lab13\lab4-ht-com-dll\x64\debug\os13_create.pdb
d:\бгту\v сем\сп\os_lab13\os_lab13\lab4-ht-com-dll\x64\debug\os13_create.exe
d:\бгту\v сем\сп\os_lab13\os_lab13\lab4-ht-com-dll\os13_create\x64\debug\os13_create.tlog\cl.command.1.tlog
d:\бгту\v сем\сп\os_lab13\os_lab13\lab4-ht-com-dll\os13_create\x64\debug\os13_create.tlog\cl.items.tlog
d:\бгту\v сем\сп\os_lab13\os_lab13\lab4-ht-com-dll\os13_create\x64\debug\os13_create.tlog\cl.read.1.tlog
d:\бгту\v сем\сп\os_lab13\os_lab13\lab4-ht-com-dll\os13_create\x64\debug\os13_create.tlog\cl.write.1.tlog
d:\бгту\v сем\сп\os_lab13\os_lab13\lab4-ht-com-dll\os13_create\x64\debug\os13_create.tlog\link.command.1.tlog
d:\бгту\v сем\сп\os_lab13\os_lab13\lab4-ht-com-dll\os13_create\x64\debug\os13_create.tlog\link.read.1.tlog
d:\бгту\v сем\сп\os_lab13\os_lab13\lab4-ht-com-dll\os13_create\x64\debug\os13_create.tlog\link.secondary.1.tlog
d:\бгту\v сем\сп\os_lab13\os_lab13\lab4-ht-com-dll\os13_create\x64\debug\os13_create.tlog\link.write.1.tlog
