d:\5сем\сп\4 лаба\os_lab13\lab4-ht-com-dll\os13_htcom\x64\debug\os13_htcom.pch
d:\5сем\сп\4 лаба\os_lab13\lab4-ht-com-dll\os13_htcom\x64\debug\vc143.pdb
d:\5сем\сп\4 лаба\os_lab13\lab4-ht-com-dll\os13_htcom\x64\debug\vc143.idb
d:\5сем\сп\4 лаба\os_lab13\lab4-ht-com-dll\os13_htcom\x64\debug\pch.obj
d:\5сем\сп\4 лаба\os_lab13\lab4-ht-com-dll\os13_htcom\x64\debug\registry.obj
d:\5сем\сп\4 лаба\os_lab13\lab4-ht-com-dll\os13_htcom\x64\debug\exportfunctions.obj
d:\5сем\сп\4 лаба\os_lab13\lab4-ht-com-dll\os13_htcom\x64\debug\dllmain.obj
d:\5сем\сп\4 лаба\os_lab13\lab4-ht-com-dll\os13_htcom\x64\debug\componentht.obj
d:\5сем\сп\4 лаба\os_lab13\lab4-ht-com-dll\os13_htcom\x64\debug\classfactory.obj
d:\5сем\сп\4 лаба\os_lab13\lab4-ht-com-dll\x64\debug\os13_htcom.dll
d:\5сем\сп\4 лаба\os_lab13\lab4-ht-com-dll\x64\debug\os13_htcom.pdb
d:\5сем\сп\4 лаба\os_lab13\lab4-ht-com-dll\x64\debug\os13_htcom.lib
d:\5сем\сп\4 лаба\os_lab13\lab4-ht-com-dll\x64\debug\os13_htcom.exp
d:\5сем\сп\4 лаба\os_lab13\lab4-ht-com-dll\os13_htcom\x64\debug\os13_htcom.ilk
d:\бгту\v сем\сп\os_lab13\os_lab13\lab4-ht-com-dll\os13_htcom\x64\debug\classfactory.obj
d:\бгту\v сем\сп\os_lab13\os_lab13\lab4-ht-com-dll\os13_htcom\x64\debug\componentht.obj
d:\бгту\v сем\сп\os_lab13\os_lab13\lab4-ht-com-dll\os13_htcom\x64\debug\dllmain.obj
d:\бгту\v сем\сп\os_lab13\os_lab13\lab4-ht-com-dll\os13_htcom\x64\debug\exportfunctions.obj
d:\бгту\v сем\сп\os_lab13\os_lab13\lab4-ht-com-dll\os13_htcom\x64\debug\pch.obj
d:\бгту\v сем\сп\os_lab13\os_lab13\lab4-ht-com-dll\os13_htcom\x64\debug\registry.obj
d:\бгту\v сем\сп\os_lab13\os_lab13\lab4-ht-com-dll\os13_htcom\x64\debug\os13_htcom.ilk
d:\бгту\v сем\сп\os_lab13\os_lab13\lab4-ht-com-dll\os13_htcom\x64\debug\os13_htcom.pch
d:\бгту\v сем\сп\os_lab13\os_lab13\lab4-ht-com-dll\os13_htcom\x64\debug\vc143.idb
d:\бгту\v сем\сп\os_lab13\os_lab13\lab4-ht-com-dll\os13_htcom\x64\debug\vc143.pdb
d:\бгту\v сем\сп\os_lab13\os_lab13\lab4-ht-com-dll\x64\debug\os13_htcom.pdb
d:\бгту\v сем\сп\os_lab13\os_lab13\lab4-ht-com-dll\x64\debug\os13_htcom.dll
d:\бгту\v сем\сп\os_lab13\os_lab13\lab4-ht-com-dll\os13_htcom\x64\debug\os13_htcom.tlog\cl.command.1.tlog
d:\бгту\v сем\сп\os_lab13\os_lab13\lab4-ht-com-dll\os13_htcom\x64\debug\os13_htcom.tlog\cl.items.tlog
d:\бгту\v сем\сп\os_lab13\os_lab13\lab4-ht-com-dll\os13_htcom\x64\debug\os13_htcom.tlog\cl.read.1.tlog
d:\бгту\v сем\сп\os_lab13\os_lab13\lab4-ht-com-dll\os13_htcom\x64\debug\os13_htcom.tlog\cl.write.1.tlog
d:\бгту\v сем\сп\os_lab13\os_lab13\lab4-ht-com-dll\os13_htcom\x64\debug\os13_htcom.tlog\link.command.1.tlog
d:\бгту\v сем\сп\os_lab13\os_lab13\lab4-ht-com-dll\os13_htcom\x64\debug\os13_htcom.tlog\link.read.1.tlog
d:\бгту\v сем\сп\os_lab13\os_lab13\lab4-ht-com-dll\os13_htcom\x64\debug\os13_htcom.tlog\link.secondary.1.tlog
d:\бгту\v сем\сп\os_lab13\os_lab13\lab4-ht-com-dll\os13_htcom\x64\debug\os13_htcom.tlog\link.write.1.tlog
